// Jest Snapshot v1, https://goo.gl/fbAQLP

exports[`Text Text should render correctly 1`] = `
<p
  className="sc-bdnxRM dSnbYG"
>
  Primary Text
</p>
`;
